---
source: tests/diffview.rs
expression: wrapped
---
┌──────────────────────────────────────────────────────────────────────────────┐
│ 7e2ad1b long sum · calc.rs (1/1)                                ● 0/1 viewed │
└──────────────────────────────────────────────────────────────────────────────┘
 ▾   M calc.rs                                                            +1 -1
          @@ -1,3 +1,3 @@
   1   1   fn total() -> u32 {
   2     -     1
       2 +     price + price + price + price + price + price + price + price +
         ↪     price + price + price + price + price + price + price + price +
         ↪     price + price + price + price + TAIL
   3   3   }











────────────────────────────────────────────────────────────────────────────────
 enter collapse · space viewed · esc back     long lines wrapped (this session)
