---
source: tests/diffview.rs
expression: "h.render(80, 24)"
---
┌──────────────────────────────────────────────────────────────────────────────┐
│ 014ef17 three files · alpha.rs (1/3)                            ● 0/3 viewed │
└──────────────────────────────────────────────────────────────────────────────┘
┌ Files · 0/3 viewed ──────────────────────┐                                +30
│▸  A  alpha.rs                       +30  │
│   A  beta.rs                        +30  │
│   A  gamma.rs                       +30  │
│                                          │
│                                          │
│                                          │
│                                          │
│                                          │
│                                          │
│                                          │
│                                          │
│                                          │
│                                          │
│                                          │
│                                          │
│                                          │
│                                          │
└──────────────────────────────────────────┘
────────────────────────────────────────────────────────────────────────────────
 j/k file · enter read · space viewed · e edit · →/tab diff · f close
