---
source: tests/diffview.rs
expression: "h.render(100, 40)"
---
 59023f7 two hunks and a file · a.txt (1/2)                                            ● 0/2 viewed
────────────────────────────────────────────────────────────────────────────────────────────────────
 ▾   M a.txt                                                                                  +2 -2
          @@ -1,6 +1,6 @@
   1   1   line 1
   2   2   line 2
   3     - line 3
       3 + line three
   4   4   line 4
   5   5   line 5
   6   6   line 6

          @@ -27,7 +27,7 @@ line 26
  27  27   line 27
  28  28   line 28
  29  29   line 29
  30     - line 30
      30 + line thirty
  31  31   line 31
  32  32   line 32
  33  33   line 33
────────────────────────────────────────────────────────────────────────────────────────────────────
 ▾   A b.txt                                                                                     +1
          @@ -0,0 +1 @@
       1 + new













────────────────────────────────────────────────────────────────────────────────────────────────────
 ]/[ hunk · }/{ file · f files · space viewed · n/p commit · e edit · esc back
