---
source: tests/git_actions.rs
expression: "h.render(80, 24)"
---
 feature · main                                                          ● live
┌ Timeline ────────────────────────────────────────────────────────────────────┐
│▸◌ Uncommitted                                                 4 files  +4 -2 │
├──────────────────────────────────────────────────────────────────────────────┤
│ Σ Branch total                                                4 files  +4 -2 │
└──────────────────────────────────────────────────────────────────────────────┘
┌ ┌ Commit · 2 of 4 files ───────────────────────────────────────────────────┐─┐
│▸│ [x] M a.txt                                                            ✓ │ │
│ │ [ ] M b.txt                                                              │ │
│ │ [ ] A d.txt                                                              │ │
│ │ [x] ? c.txt                                                            ✓ │ │
│ ├──────────────────────────────────────────────────────────────────────────┤ │
│ │ Summary what changed, in one line                                        │ │
│ │ Body                                                                     │ │
│ │                                                                          │ │
│ │                                                                          │ │
│ └────────── enter commit · tab body · ctrl-e editor · esc close ───────────┘ │
│                                                                              │
│                                                                              │
│                                                                              │
│                                                                              │
│                                                                              │
└──────────────────────────────────────────────────────────────────────────────┘
 enter files · u next to review · r view all · w/b jump · c commit · ? help
