---
source: tests/settings.rs
expression: "h.render(80, 24)"
---
┌──────────────────────────────────────────────────────────────────────────────┐
│ feature · m┌ Settings ──────────────────────────────────────────┐1 to review │
└────────────│ Review                                             │────────────┘
┌ Timeline ──│ ▸ Open diffs with the file explorer ··········· on │────────────┐
│▸◌ Uncommitt│   Collapse files marked viewed ················ on │      clean │
│ ● f1edb08 c│   Space continues into the next commit ········ on │      +1 -1 │
├────────────│   Σ includes uncommitted changes ·············· on │────────────┤
│ Σ Branch to│                                                    │file  +1 -1 │
└────────────│ Diff                                               │────────────┘
┌ Files · Unc│   Context lines ································ 3 │────────────┐
│ working tre│   Ignore whitespace changes ·················· off │            │
│            │   Highlight changed words ····················· on │            │
│            │   Line numbers ································ on │            │
│            │   Wrap long lines ···························· off │            │
│            │   Syntax highlighting ························ off │            │
│            │   Tab width ···································· 4 │            │
│            │   Collapse files above (lines) ·············· 1500 │            │
│            │   Always-collapsed patterns ···················· — │            │
│            ├────────────────────────────────────────────────────┤            │
│            │ Show the file explorer when a diff opens (wide     │            │
│            │ panes only).                                       │            │
│            │ review.explorer_on_open                            │            │
└────────────└─── ←/→ change · d default · e edit · esc close ────┘────────────┘
 enter files · u next to review · w/b jump · , settings · ? help
