---
source: tests/ui.rs
expression: "h.render(80, 24)"
---
┌─────────┌ Keys · any key closes ───────────────────────────────────┐─────────┐
│ feature/│ Everywhere                                               │o review │
└─────────│   q / esc  back · q on the main screen quits             │─────────┘
┌ Timeline│   tab      switch panel                                  │─────────┐
│ ◌ Uncomm│   w / b    jump to uncommitted / branch total            │   +4    │
│ ● 8a9051│   u        oldest commit with unviewed files             │   +2 -1 │
│▸◐ aa3185│   n / p    newer / older commit                          │   +7    │
│ ● 3ddc35│   i        branch total: toggle uncommitted changes      │  +60    │
│ ● 289a7a│   m        merge: remerge-diff / first-parent            │   +3    │
├─────────│   c · P    commit · push (turn on git actions in settings│─────────┤
│ Σ Branch│   ctrl-l   refresh and redraw                            │  +75    │
└─────────│   , · ?    settings · this help                          │─────────┘
┌ Files · │                                                          │─────────┐
│▸✓ A  ass│ Timeline and files                                       │     +1  │
│   A  src│   j / k    move                                          │     +6  │
│         │   g / G    top / bottom                                  │         │
│         │   enter    timeline: files · files: open diff            │         │
│         │   space    files: toggle viewed                          │         │
│         │   r        toggle all files of the target viewed         │         │
│         │   e        files: open in editor                         │         │
│         │                                                          │         │
│         │ the review loop: u, enter, then space space space…       │         │
└─────────└──────────────────────────────────────────────────────────┘─────────┘
 enter files · u next to review · r view all · w/b jump · , settings · ? help
