---
source: tests/workspace.rs
expression: "h.render(80, 24)"
---
┌───────────┐
│ 1 api ◌ 2 │ 2 svc  3 web 1                                             portal
│         ┌ Keys · any key closes ───────────────────────────────────┐─────────┐
│ feature/│ Everywhere                                               │o review │
└─────────│   < > 1-9  previous / next repository · by number        │─────────┘
┌ Timeline│   q / esc  back · q on the main screen quits             │─────────┐
│▸◌ Uncomm│   tab      switch panel                                  │e  +1 -1 │
│ ● 76fdc5│   w / b    jump to uncommitted / branch total            │   +1    │
│ ● f7c97f│   u        oldest commit with unviewed files             │   +1    │
├─────────│   n / p    newer / older commit                          │─────────┤
│ Σ Branch│   i        branch total: toggle uncommitted changes      │s  +3 -1 │
└─────────│   m        merge: remerge-diff / first-parent            │─────────┘
┌ Files · │   c · P    commit · push (turn on git actions in settings│─────────┐
│▸  M  src│   ctrl-l   refresh and redraw                            │   +1 -1 │
│         │   , · ?    settings · this help                          │         │
│         │                                                          │         │
│         │ Timeline and files                                       │         │
│         │   j / k    move                                          │         │
│         │   g / G    top / bottom                                  │         │
│         │   enter    timeline: files · files: open diff            │         │
│         │   space    files: toggle viewed                          │         │
│         │   r        toggle all files of the target viewed         │         │
└─────────│   e        files: open in editor                         │─────────┘
 enter fil└──────────────────────────────────────────────────────────┘ help
